// Jest Snapshot v1, https://goo.gl/fbAQLP

exports[`service list renders correctly 1`] = `
<div>
  <h3>
    Services
  </h3>
  <table
    className="table"
  >
    <tr>
      <th>
        Title
      </th>
    </tr>
    <tbody />
    <tr>
      <th>
        <button
          id="previous"
          onClick={[Function]}
        >
          Previous
        </button>
      </th>
      <th>
        <div
          id="pageButtons"
        >
           
        </div>
      </th>
      <th>
        <button
          id="next"
          onClick={[Function]}
        >
          Next
        </button>
      </th>
    </tr>
    <tr>
      <th>
        <div
          id="dropdown"
        >
          <select
            id="selector"
            onChange={[Function]}
          >
            <option
              selected="selected"
              value="1"
            >
              10
            </option>
            <option
              value="2"
            >
              25
            </option>
            <option
              value="3"
            >
              50
            </option>
            <option
              value="4"
            >
              100
            </option>
            <option
              value="5"
            >
              All
            </option>
          </select>
        </div>
      </th>
    </tr>
  </table>
</div>
`;
