// Jest Snapshot v1, https://goo.gl/fbAQLP

exports[`Create and Delete Users 1`] = `
<div>
  <h3>
    Users
  </h3>
  <table
    className="table"
  >
    <thead>
      <tr>
        <th
          scope="col"
        >
          Username
        </th>
        <th
          scope="col"
        >
          First Name
        </th>
        <th
          scope="col"
        >
          Last Name
        </th>
        <th>
           
        </th>
      </tr>
      <tr>
        <th>
          <input
            className="form-control username-edit"
            onChange={[Function]}
            placeholder="username"
            type="text"
            value="Username"
          />
        </th>
        <th>
          <input
            className="form-control firstname-edit"
            onChange={[Function]}
            placeholder="firstName"
            type="text"
            value="First name"
          />
        </th>
        <th>
          <input
            className="form-control lastname-edit"
            onChange={[Function]}
            placeholder="lastName"
            type="text"
            value="Last name"
          />
        </th>
        <th>
          <button
            className="btn btn-primary btn-block create-btn-user"
            onClick={[Function]}
            type="button"
          >
            Create
          </button>
        </th>
        <th>
          <button
            className="btn btn-primary btn-block save-user-btn"
            onClick={[Function]}
            type="button"
          >
            Save
          </button>
        </th>
      </tr>
    </thead>
    <tbody />
  </table>
</div>
`;

exports[`userRenders 1`] = `
<div>
  <h3>
    Users
  </h3>
  <table
    className="table"
  >
    <thead>
      <tr>
        <th
          scope="col"
        >
          Username
        </th>
        <th
          scope="col"
        >
          First Name
        </th>
        <th
          scope="col"
        >
          Last Name
        </th>
        <th>
           
        </th>
      </tr>
      <tr>
        <th>
          <input
            className="form-control username-edit"
            onChange={[Function]}
            placeholder="username"
            type="text"
            value="Username"
          />
        </th>
        <th>
          <input
            className="form-control firstname-edit"
            onChange={[Function]}
            placeholder="firstName"
            type="text"
            value="First name"
          />
        </th>
        <th>
          <input
            className="form-control lastname-edit"
            onChange={[Function]}
            placeholder="lastName"
            type="text"
            value="Last name"
          />
        </th>
        <th>
          <button
            className="btn btn-primary btn-block create-btn-user"
            onClick={[Function]}
            type="button"
          >
            Create
          </button>
        </th>
        <th>
          <button
            className="btn btn-primary btn-block save-user-btn"
            onClick={[Function]}
            type="button"
          >
            Save
          </button>
        </th>
      </tr>
    </thead>
    <tbody />
  </table>
</div>
`;
